../Core/Src/main.c:107:6:HAL_GPIO_EXTI_Callback	16	static
../Core/Src/main.c:116:6:HAL_UART_RxCpltCallback	24	static
../Core/Src/main.c:132:13:LED_Set	16	static
../Core/Src/main.c:135:13:LED_OffAll	8	static
../Core/Src/main.c:139:13:Buzz	16	static
../Core/Src/main.c:150:13:BuzzBoot	8	static
../Core/Src/main.c:151:13:BuzzOK	8	static
../Core/Src/main.c:152:13:BuzzFail	8	static
../Core/Src/main.c:153:13:BuzzConfirm	8	static
../Core/Src/main.c:156:13:Lock_Open	8	static
../Core/Src/main.c:157:13:Lock_Close	8	static
../Core/Src/main.c:160:13:ShowLCD	16	static
../Core/Src/main.c:167:13:SendESP	104	static
../Core/Src/main.c:184:13:RunEnroll	40	static
../Core/Src/main.c:258:5:main	72	static
../Core/Src/main.c:517:6:SystemClock_Config	128	static
../Core/Src/main.c:552:13:MX_I2C1_Init	8	static
../Core/Src/main.c:568:13:MX_SPI1_Init	8	static
../Core/Src/main.c:587:13:MX_USART2_UART_Init	8	static
../Core/Src/main.c:602:13:MX_USART3_UART_Init	8	static
../Core/Src/main.c:617:13:MX_USB_PCD_Init	8	static
../Core/Src/main.c:628:13:MX_GPIO_Init	56	static
../Core/Src/main.c:689:6:Error_Handler	4	static,ignoring_inline_asm
