../Core/Src/main.c:106:6:HAL_GPIO_EXTI_Callback	16	static
../Core/Src/main.c:114:6:HAL_UART_RxCpltCallback	24	static
../Core/Src/main.c:130:13:LED_Set	16	static
../Core/Src/main.c:133:13:LED_OffAll	8	static
../Core/Src/main.c:137:13:Buzz	16	static
../Core/Src/main.c:148:13:BuzzBoot	8	static
../Core/Src/main.c:149:13:BuzzOK	8	static
../Core/Src/main.c:150:13:BuzzFail	8	static
../Core/Src/main.c:151:13:BuzzConfirm	8	static
../Core/Src/main.c:154:13:Lock_Open	8	static
../Core/Src/main.c:155:13:Lock_Close	8	static
../Core/Src/main.c:158:13:ShowLCD	16	static
../Core/Src/main.c:165:13:SendESP	104	static
../Core/Src/main.c:182:13:RunEnroll	72	static
../Core/Src/main.c:264:5:main	72	static
../Core/Src/main.c:529:6:SystemClock_Config	128	static
../Core/Src/main.c:564:13:MX_I2C1_Init	8	static
../Core/Src/main.c:580:13:MX_SPI1_Init	8	static
../Core/Src/main.c:599:13:MX_USART2_UART_Init	8	static
../Core/Src/main.c:614:13:MX_USART3_UART_Init	8	static
../Core/Src/main.c:629:13:MX_USB_PCD_Init	8	static
../Core/Src/main.c:640:13:MX_GPIO_Init	56	static
../Core/Src/main.c:701:6:Error_Handler	4	static,ignoring_inline_asm
