../Core/Src/main.c:106:6:HAL_GPIO_EXTI_Callback	2
../Core/Src/main.c:114:6:HAL_UART_RxCpltCallback	6
../Core/Src/main.c:130:13:LED_Set	1
../Core/Src/main.c:133:13:LED_OffAll	1
../Core/Src/main.c:137:13:Buzz	1
../Core/Src/main.c:148:13:BuzzBoot	1
../Core/Src/main.c:149:13:BuzzOK	1
../Core/Src/main.c:150:13:BuzzFail	1
../Core/Src/main.c:151:13:BuzzConfirm	1
../Core/Src/main.c:154:13:Lock_Open	1
../Core/Src/main.c:155:13:Lock_Close	1
../Core/Src/main.c:158:13:ShowLCD	1
../Core/Src/main.c:165:13:SendESP	1
../Core/Src/main.c:182:13:RunEnroll	13
../Core/Src/main.c:264:5:main	26
../Core/Src/main.c:529:6:SystemClock_Config	4
../Core/Src/main.c:564:13:MX_I2C1_Init	4
../Core/Src/main.c:580:13:MX_SPI1_Init	2
../Core/Src/main.c:599:13:MX_USART2_UART_Init	2
../Core/Src/main.c:614:13:MX_USART3_UART_Init	2
../Core/Src/main.c:629:13:MX_USB_PCD_Init	2
../Core/Src/main.c:640:13:MX_GPIO_Init	1
../Core/Src/main.c:701:6:Error_Handler	1
