../Core/Src/main.c:107:6:HAL_GPIO_EXTI_Callback	3
../Core/Src/main.c:116:6:HAL_UART_RxCpltCallback	6
../Core/Src/main.c:132:13:LED_Set	1
../Core/Src/main.c:135:13:LED_OffAll	1
../Core/Src/main.c:139:13:Buzz	1
../Core/Src/main.c:150:13:BuzzBoot	1
../Core/Src/main.c:151:13:BuzzOK	1
../Core/Src/main.c:152:13:BuzzFail	1
../Core/Src/main.c:153:13:BuzzConfirm	1
../Core/Src/main.c:156:13:Lock_Open	1
../Core/Src/main.c:157:13:Lock_Close	1
../Core/Src/main.c:160:13:ShowLCD	1
../Core/Src/main.c:167:13:SendESP	1
../Core/Src/main.c:184:13:RunEnroll	13
../Core/Src/main.c:258:5:main	24
../Core/Src/main.c:517:6:SystemClock_Config	4
../Core/Src/main.c:552:13:MX_I2C1_Init	4
../Core/Src/main.c:568:13:MX_SPI1_Init	2
../Core/Src/main.c:587:13:MX_USART2_UART_Init	2
../Core/Src/main.c:602:13:MX_USART3_UART_Init	2
../Core/Src/main.c:617:13:MX_USB_PCD_Init	2
../Core/Src/main.c:628:13:MX_GPIO_Init	1
../Core/Src/main.c:689:6:Error_Handler	1
