../Core/Src/lcd.c:29:20:pinHi	16	static
../Core/Src/lcd.c:32:20:pinLo	16	static
../Core/Src/lcd.c:37:13:pulseEN	8	static
../Core/Src/lcd.c:45:13:write4	16	static
../Core/Src/lcd.c:59:13:send	16	static
../Core/Src/lcd.c:65:13:cmd	16	static
../Core/Src/lcd.c:66:13:dat	16	static
../Core/Src/lcd.c:76:6:LCD_Init	8	static
../Core/Src/lcd.c:99:6:LCD_Clear	8	static
../Core/Src/lcd.c:104:6:LCD_SetCursor	16	static
../Core/Src/lcd.c:108:6:LCD_PrintChar	16	static
../Core/Src/lcd.c:110:6:LCD_Print	16	static
